// Jest Snapshot v1, https://goo.gl/fbAQLP

exports[`should render Not Found correctly 1`] = `ShallowWrapper {}`;
